[az-boldcms.webflow.io/index.html]
[backblue.gif]
[fade.gif]
[index.html]
[assets.website-files.com/60e413b2d0eecec78825c619/css/az-boldcms.webflow.0e4860e35.css]
[ajax.googleapis.com/ajax/libs/webfont/1.6.26/webfont.js]
[assets.website-files.com/60e413b2d0eecec78825c619/60e413b2d0eece2b1225c677_Bold-Favicon.png]
[assets.website-files.com/60e413b2d0eecec78825c619/60e413b2d0eece2adb25c678_Bold-Webclip.png]
[az-boldcms.webflow.io/blog.html]
[az-boldcms.webflow.io/support.html]
[assets.website-files.com/60e413b2d0eecec78825c619/60e413b2d0eece278025c652_Apple iPhone 11 Pro Space Grey 1.png]
[assets.website-files.com/60e413b2d0eecec78825c619/60e413b2d0eece191425c66b_ChatList-White.jpg]
[assets.website-files.com/60e413b2d0eecec78825c619/60e413b2d0eece3dac25c667_LockScreen-Light.jpg]
[assets.website-files.com/60e413b2d0eecec78825c619/60e413b2d0eecef17525c657_asgardia dark.png]
[assets.website-files.com/60e413b2d0eecec78825c619/60e413b2d0eecec57425c658_code-lab dark.png]
[assets.website-files.com/60e413b2d0eecec78825c619/60e413b2d0eece2b2925c655_fox-hub-2 dark.png]
[assets.website-files.com/60e413b2d0eecec78825c619/60e413b2d0eeceddd625c656_utosia dark.png]
[assets.website-files.com/60e413b2d0eecec78825c619/60e413b2d0eece82e625c659_lighting dark.png]
[assets.website-files.com/60e413b2d0eecec78825c619/60e413b2d0eece150025c662_Feature-Image-01.png]
[assets.website-files.com/60e413b2d0eecec78825c619/60e413b2d0eece4f4c25c67a_Features-Image-2-min.png]
[assets.website-files.com/60e413b2d0eecec78825c619/60e413b2d0eecec3ed25c653_BoldApp-1.jpg]
[assets.website-files.com/60e413b2d0eecec78825c619/60e413b2d0eeceab1625c654_BoldApp-2.jpg]
[assets.website-files.com/60e413b2d0eecec78825c619/60e413b2d0eece816625c669_Calendar1.png]
[assets.website-files.com/60e413b2d0eecec78825c619/60e413b2d0eecef60625c66a_Calendar2.png]
[assets.website-files.com/60e413b2d0eecec78825c619/60e413b2d0eeceaaeb25c665_Testimonial3.jpg]
[assets.website-files.com/60e413b2d0eecec78825c619/60e413b2d0eece39af25c664_Testimonial2.jpg]
[assets.website-files.com/60e413b2d0eecec78825c619/60e413b2d0eece2f4325c666_Testimonial1.jpg]
[assets.website-files.com/60e413b2d0eecec78825c619/60e413b2d0eecef06425c675_Hand-iPhoneX.png]
[az-boldcms.webflow.io/index.html]
[d3e54v103j8qbb.cloudfront.net/js/jquery-3.5.1.min.dc5e7f18c8aa78.js]
[assets.website-files.com/60e413b2d0eecec78825c619/60e413b2d0eece103425c650_Ellipse-1.png]
[assets.website-files.com/60e413b2d0eecec78825c619/css/az-boldcms.webflow.0e4860e35.css]
[assets.website-files.com/60e413b2d0eecec78825c619/60e413b2d0eece0eae25c64f_Ellipse-2.png]
[assets.website-files.com/60e413b2d0eece30d025c634/612e3a7c58071a46c9eacc74_fakurian-design-0_8gAoFrzbw-unsplash.jpg]
[assets.website-files.com/60e413b2d0eecec78825c619/js/webflow.1e91658d5.js]
[assets.website-files.com/60e413b2d0eece30d025c634/612e3c102aec2e681d5c8e2b_fakurian-design-CN2FEPXERRI-unsplash.jpg]
[assets.website-files.com/60e413b2d0eece30d025c634/612e3c270048df27e8ca4315_fakurian-design-dQDDMWgvotg-unsplash.jpg]
[assets.website-files.com/60e413b2d0eece30d025c634/612e3c71b1d31669f834f36b_fakurian-design-E8Ufcyxz514-unsplash.jpg]
[assets.website-files.com/60e413b2d0eece30d025c634/612e3c8e09db76cfbec8e706_fakurian-design-F93PQmh4krI-unsplash.jpg]
[assets.website-files.com/60e413b2d0eece30d025c634/612e3ca843819b78ba250555_fakurian-design-MJ3gfJCCw28-unsplash.jpg]
[assets.website-files.com/60e413b2d0eece30d025c634/612e3cd3854379920b76fa21_fakurian-design-UYgrVfIhBec-unsplash.jpg]
[az-boldcms.webflow.io/blog.html]
[az-boldcms.webflow.io/support/profile.html]
[assets.website-files.com/60e413b2d0eecec78825c619/60e41c37db19a78d6e103d7c_Apple iPhone 12 Pro Silver.png]
[assets.website-files.com/60e413b2d0eecec78825c619/6128e281828bfecfdede3f71_6. Live Design Course - Message.jpg]
[az-boldcms.webflow.io/support.html]
[az-boldcms.webflow.io/support/profile.html]
[az-boldcms.webflow.io/features.html]
[az-boldcms.webflow.io/company.html]
[az-boldcms.webflow.io/press.html]
[az-boldcms.webflow.io/contact.html]
[az-boldcms.webflow.io/template/change-log.html]
[az-boldcms.webflow.io/template/style.html]
[az-boldcms.webflow.io/template/licensing.html]
[az-boldcms.webflow.io/privacy.html]
[az-boldcms.webflow.io/post/get-running.html]
[az-boldcms.webflow.io/category/news.html]
[az-boldcms.webflow.io/category/product.html]
[az-boldcms.webflow.io/category/sed-et-temporibus-aut.html]
[az-boldcms.webflow.io/post/2-mins.html]
[az-boldcms.webflow.io/post/interview.html]
[az-boldcms.webflow.io/post/great-ux.html]
[az-boldcms.webflow.io/post/how-to-improve-web-design-process.html]
[az-boldcms.webflow.io/post/designing-for-emotional.html]
[az-boldcms.webflow.io/post/sell-online.html]
[az-boldcms.webflow.io/support/how.html]
[az-boldcms.webflow.io/support/account.html]
[az-boldcms.webflow.io/support/payment.html]
[az-boldcms.webflow.io/support/password.html]
[az-boldcms.webflow.io/support/invite.html]
[az-boldcms.webflow.io/support/social-media.html]
